/**
  <OneOf t.Elem e.SampleElems> == True | False
*/
$ENTRY R5-OneOf {
  t.Elem e.Elems-B t.Elem e.Elems-E = True;
  t.Elem e.Elems = False;
}


/**
  <Builtins> == (e.FunctionName)*
*/
$ENTRY R5-Builtins {
  = ('+') ('-') ('*') ('/') ('%') ('?') <DoBuiltins <ListOfBuiltin>>;
}

DoBuiltins {
  (s.Number s.Name s.Type) e.Builtins
    = (<Explode s.Name>) <DoBuiltins e.Builtins>;

  /* пусто */ = /* пусто */;
}
