*$FROM Library
$EXTERN LoadModule, UnloadModule;

*$REFERENCE G

$ENTRY Go {
  = <LoadModule 'A-BCE'> : Success t.A
  = <Print <Mu FuncA>> : A
  = <Print <Mu FuncB>> : B
  = <Print <Mu FuncC>> : C
  = <Print <Mu FuncD>> : D
  = <Print <Mu FuncE>> : E
  = <Print <Mu FuncF>> : F
  = <Print <Mu FuncG>> : G
  = <UnloadModule t.A> : /* пусто */
  = /* пусто */;
}
